Remove-Item -Recurse -Force .venv 
Set-ExecutionPolicy -ExecutionPolicy RemoteSigned -Scope CurrentUser
python -m venv .venv 
.\.venv\Scripts\Activate  
pip install -r requirements.txt
#pip install streamlit pandas plotly prophet numpy scikit-learn   
.\iniciar_app.bat
.\ngrok.exe http [8501]
streamlit run app.py

-------

---
nothing to commit, working tree clean
PS C:\Entrega Final\Analitica_talento_tech> git status
On branch main
Your branch is up to date with 'origin/main'.

Untracked files:
  (use "git add <file>..." to include in what will be committed)
        INFORME.docx

nothing added to commit but untracked files present (use "git add" to track)
PS C:\Entrega Final\Analitica_talento_tech> git add INFORME.docx                           
PS C:\Entrega Final\Analitica_talento_tech> git commit -m "Actualización"
[main 311b185] Actualización
 1 file changed, 0 insertions(+), 0 deletions(-)
 create mode 100644 INFORME.docx
PS C:\Entrega Final\Analitica_talento_tech> git push origin main        
Enumerating objects: 4, done.
Counting objects: 100% (4/4), done.
Delta compression using up to 12 threads
Compressing objects: 100% (3/3), done.
Writing objects: 100% (3/3), 1.20 MiB | 1.02 MiB/s, done.
Total 3 (delta 1), reused 0 (delta 0), pack-reused 0 (from 0)
remote: Resolving deltas: 100% (1/1), completed with 1 local object.
To https://github.com/losdciber/Analitica_talento_tech.git
   1af662e..311b185  main -> main
PS C:\Entrega Final\Analitica_talento_tech> git status
On branch main
Your branch is up to date with 'origin/main'.

nothing to commit, working tree clean
PS C:\Entrega Final\Analitica_talento_tech> 
-------
git pull origin main --rebase
